To honour the JVM settings for this build a single-use Daemon process will be forked. For more on this, please refer to https://docs.gradle.org/9.3.0/userguide/gradle_daemon.html#sec:disabling_the_daemon in the Gradle documentation.
Daemon will be stopped at the end of the build 

> Configure project :
Fabric Loom: 1.15.5

> Task :analysis:compileJava UP-TO-DATE
> Task :analysis:processResources NO-SOURCE
> Task :analysis:classes UP-TO-DATE

> Task :analysis:runWala
=== WALA Movement Slice ===
Minecraft jar:  C:\Users\Murat\Desktop\programming\java\simv2\.gradle\loom-cache\minecraftMaven\net\minecraft\minecraft-merged-736b6061eb\1.21.5-net.fabricmc.yarn.1_21_5.1.21.5+build.1-v2\minecraft-merged-736b6061eb-1.21.5-net.fabricmc.yarn.1_21_5.1.21.5+build.1-v2.jar
Output dir:     C:\Users\Murat\Desktop\programming\java\simv2\src\main\generated

--- Phase A: ZEROCFA reachability pre-pass (scope pruning) ---
CHA: 30372 classes (full scope)
Entry: Lnet/minecraft/client/network/ClientPlayerEntity.tickMovement()V (-> Lnet/minecraft/client/network/ClientPlayerEntity)
got NEW <Primordial,Ljava/lang/invoke/DirectMethodHandle$StaticAccessor>@210 in Node: < Primordial, Ljava/lang/invoke/DirectMethodHandle, make(BLjava/lang/Class;Ljava/lang/invoke/MemberName;Ljava/lang/Class;)Ljava/lang/invoke/DirectMethodHandle; > Context: Everywhere
got NEW <Primordial,Ljava/lang/invoke/DirectMethodHandle$StaticAccessor>@210 in Node: < Primordial, Ljava/lang/invoke/DirectMethodHandle, make(BLjava/lang/Class;Ljava/lang/invoke/MemberName;Ljava/lang/Class;)Ljava/lang/invoke/DirectMethodHandle; > Context: Everywhere
got NEW <Primordial,Ljava/lang/invoke/DirectMethodHandle$StaticAccessor>@210 in Node: < Primordial, Ljava/lang/invoke/DirectMethodHandle, make(BLjava/lang/Class;Ljava/lang/invoke/MemberName;Ljava/lang/Class;)Ljava/lang/invoke/DirectMethodHandle; > Context: Everywhere
  [progress] call graph construction: 1 units (0.0s)
got NEW <Primordial,Ljava/lang/invoke/DirectMethodHandle$StaticAccessor>@0 in Node: < Primordial, Ljava/lang/invoke/DirectMethodHandle$StaticAccessor, copyWith(Ljava/lang/invoke/MethodType;Ljava/lang/invoke/LambdaForm;)Ljava/lang/invoke/MethodHandle; > Context: Everywhere
got NEW <Primordial,Ljava/lang/invoke/DirectMethodHandle$StaticAccessor>@0 in Node: < Primordial, Ljava/lang/invoke/DirectMethodHandle$StaticAccessor, copyWith(Ljava/lang/invoke/MethodType;Ljava/lang/invoke/LambdaForm;)Ljava/lang/invoke/MethodHandle; > Context: Everywhere
got NEW <Primordial,Ljava/lang/invoke/DirectMethodHandle$StaticAccessor>@0 in Node: < Primordial, Ljava/lang/invoke/DirectMethodHandle$StaticAccessor, copyWith(Ljava/lang/invoke/MethodType;Ljava/lang/invoke/LambdaForm;)Ljava/lang/invoke/MethodHandle; > Context: Everywhere
got NEW <Primordial,Ljava/lang/invoke/DirectMethodHandle$StaticAccessor>@23 in Node: < Primordial, Ljava/lang/invoke/DirectMethodHandle$StaticAccessor, viewAsType(Ljava/lang/invoke/MethodType;Z)Ljava/lang/invoke/MethodHandle; > Context: Everywhere
got NEW <Primordial,Ljava/lang/invoke/DirectMethodHandle$StaticAccessor>@23 in Node: < Primordial, Ljava/lang/invoke/DirectMethodHandle$StaticAccessor, viewAsType(Ljava/lang/invoke/MethodType;Z)Ljava/lang/invoke/MethodHandle; > Context: Everywhere
got NEW <Primordial,Ljava/lang/invoke/DirectMethodHandle$StaticAccessor>@23 in Node: < Primordial, Ljava/lang/invoke/DirectMethodHandle$StaticAccessor, viewAsType(Ljava/lang/invoke/MethodType;Z)Ljava/lang/invoke/MethodHandle; > Context: Everywhere
  [progress] call graph construction: 10 units (13.7s)
  [progress] call graph construction: 21 units (24.0s)
  [progress] call graph construction: 105 units (32.6s)
  [done] call graph construction in 32.6s
Phase A call graph: 23046 nodes in 43.0s
Phase A closure: keeping 1539 / 9148 jar classes for Phase B

--- Phase B: 0-1-CFA over the pruned scope ---

Building pruned class hierarchy...
CHA: 28817 classes (pruned scope)
Entry: Lnet/minecraft/client/network/ClientPlayerEntity.tickMovement()V (-> Lnet/minecraft/client/network/ClientPlayerEntity)
WARNING: static-initializer modeling DISABLED (-PanalysisSkipClinit) ∩┐╜ registry-driven dispatch (friction etc.) may drop out of the slice. Validate the output.

Building 0-1-CFA call graph (ALLOCATIONS | SMUSH_STRINGS | SMUSH_THROWABLES)...
  [progress] call graph construction: 1 units (0.0s)
  [progress] call graph construction: 78 units (3.1s)
  [done] call graph construction in 3.1s
Call graph: 4709 nodes in 3.8s

Running backward slice from Entity.pos writes...
Seeds: 2 putfield Entity.pos statements
  [slice-progress] SDG build started
SDG ready (lazy) in 2.2s over 4709 CG nodes
Slicing IFDS loop (telemetry: elapsed/processed/frontier/rate)...
  [slice-progress] 0.2s processed=1 frontier=1 rate=4.9/s
  [slice-progress] 10.2s processed=12610 frontier=1658 rate=1235.7/s
  [slice-progress] 20.2s processed=31663 frontier=3383 rate=1567.1/s
  [slice-progress] 30.2s processed=70642 frontier=4622 rate=2337.9/s
  [slice-progress] 40.2s processed=89186 frontier=9122 rate=2217.6/s
  [slice-progress] 50.2s processed=113852 frontier=12014 rate=2267.2/s
  [slice-progress] 60.3s processed=141498 frontier=16777 rate=2346.8/s
  [slice-progress] 70.3s processed=147048 frontier=17181 rate=2090.3/s
  [slice-progress] 80.4s processed=150221 frontier=18272 rate=1867.7/s
  [slice-progress] 90.6s processed=167635 frontier=20668 rate=1850.0/s
  [slice-progress] 100.6s processed=209644 frontier=21871 rate=2083.6/s
  [slice-progress] 110.6s processed=271849 frontier=22052 rate=2457.6/s
  [slice-progress] 120.7s processed=314942 frontier=21579 rate=2608.7/s
  [slice-progress] 130.7s processed=332604 frontier=21772 rate=2544.2/s
  [slice-progress] 140.7s processed=357166 frontier=21652 rate=2537.9/s
  [slice-progress] 150.8s processed=381934 frontier=21680 rate=2532.6/s
  [slice-progress] 160.8s processed=403545 frontier=21988 rate=2509.5/s
  [slice-progress] 170.8s processed=415332 frontier=21792 rate=2431.6/s
  [slice-progress] 180.8s processed=423094 frontier=21955 rate=2340.0/s
  [slice-progress] 190.8s processed=429896 frontier=22071 rate=2252.8/s
  [slice-progress] 200.8s processed=440201 frontier=21993 rate=2192.0/s
  [slice-progress] 210.8s processed=444406 frontier=21987 rate=2107.8/s
  [slice-progress] 220.8s processed=452994 frontier=22139 rate=2051.2/s
  [slice-progress] 230.9s processed=459756 frontier=22183 rate=1991.6/s
  [slice-progress] 240.9s processed=466724 frontier=22323 rate=1937.8/s
  [slice-progress] 250.9s processed=472250 frontier=22409 rate=1882.6/s
  [slice-progress] 260.9s processed=477546 frontier=22353 rate=1830.7/s
  [slice-progress] 270.9s processed=481924 frontier=22405 rate=1779.1/s
  [slice-progress] 280.9s processed=488322 frontier=22825 rate=1738.5/s
  [slice-progress] 290.9s processed=493874 frontier=22830 rate=1697.6/s
  [slice-progress] 301.0s processed=497428 frontier=22928 rate=1652.8/s
  [slice-progress] 311.0s processed=502498 frontier=23019 rate=1615.9/s
  [slice-progress] 321.0s processed=510063 frontier=23327 rate=1589.1/s
  [slice-progress] 331.0s processed=518099 frontier=22988 rate=1565.1/s
  [slice-progress] 341.1s processed=523289 frontier=22932 rate=1534.1/s
  [slice-progress] 351.2s processed=531306 frontier=22948 rate=1512.9/s
  [slice-progress] 361.2s processed=537504 frontier=22866 rate=1488.2/s
  [slice-progress] 371.3s processed=542382 frontier=22843 rate=1460.9/s
  [slice-progress] 381.3s processed=548777 frontier=22774 rate=1439.3/s
  [slice-progress] 391.3s processed=554792 frontier=22754 rate=1417.9/s
  [slice-progress] 401.4s processed=561737 frontier=22766 rate=1399.3/s
  [slice-progress] 411.6s processed=567351 frontier=22702 rate=1378.5/s
  [slice-progress] 421.6s processed=572329 frontier=22777 rate=1357.6/s
  [slice-progress] 431.6s processed=578495 frontier=22652 rate=1340.4/s
  [slice-progress] 441.6s processed=585615 frontier=22626 rate=1326.1/s
  [slice-progress] 451.6s processed=591570 frontier=22488 rate=1310.0/s
  [slice-progress] 461.6s processed=600205 frontier=22385 rate=1300.3/s
  [slice-progress] 471.6s processed=607363 frontier=22353 rate=1287.8/s
  [slice-progress] 481.6s processed=613039 frontier=22346 rate=1272.9/s
  [slice-progress] 491.6s processed=619641 frontier=22303 rate=1260.4/s
  [slice-progress] 501.6s processed=629009 frontier=22223 rate=1253.9/s
  [slice-progress] 511.6s processed=634969 frontier=22257 rate=1241.0/s
  [slice-progress] 521.6s processed=639890 frontier=22241 rate=1226.7/s
  [slice-progress] 531.7s processed=646749 frontier=22174 rate=1216.5/s
  [slice-progress] 541.7s processed=652188 frontier=22153 rate=1204.0/s
  [slice-progress] 551.7s processed=656736 frontier=22066 rate=1190.4/s
  [slice-progress] 561.7s processed=661239 frontier=22023 rate=1177.3/s
  [slice-progress] 571.7s processed=668891 frontier=21987 rate=1170.1/s
  [slice-progress] 581.7s processed=675157 frontier=22062 rate=1160.7/s
  [slice-progress] 591.7s processed=682716 frontier=21861 rate=1153.8/s
  [slice-progress] 601.9s processed=690062 frontier=21756 rate=1146.5/s
  [slice-progress] 612.0s processed=697136 frontier=21737 rate=1139.2/s
  [slice-progress] 622.0s processed=704633 frontier=21627 rate=1132.9/s
  [slice-progress] 632.0s processed=710770 frontier=21573 rate=1124.7/s
  [slice-progress] 642.2s processed=720312 frontier=21426 rate=1121.7/s
  [slice-progress] 652.2s processed=733354 frontier=21160 rate=1124.5/s
  [slice-progress] 662.2s processed=747283 frontier=20876 rate=1128.5/s
  [slice-progress] 672.2s processed=755800 frontier=20814 rate=1124.4/s
  [slice-progress] 682.2s processed=762259 frontier=20700 rate=1117.4/s
  [slice-progress] 692.3s processed=767616 frontier=20661 rate=1108.8/s
  [slice-progress] 702.3s processed=773501 frontier=20575 rate=1101.4/s
  [slice-progress] 712.3s processed=781374 frontier=20332 rate=1096.9/s
  [slice-progress] 722.3s processed=787126 frontier=20429 rate=1089.7/s
  [slice-progress] 732.3s processed=792433 frontier=20225 rate=1082.1/s
  [slice-progress] 742.3s processed=797468 frontier=20279 rate=1074.2/s
  [slice-progress] 752.4s processed=805603 frontier=20209 rate=1070.8/s
  [slice-progress] 762.4s processed=810916 frontier=20179 rate=1063.7/s
  [slice-progress] 772.4s processed=814719 frontier=20214 rate=1054.8/s
  [slice-progress] 782.4s processed=821815 frontier=20204 rate=1050.4/s
  [slice-progress] 792.4s processed=829020 frontier=20032 rate=1046.2/s
  [slice-progress] 802.4s processed=836454 frontier=19948 rate=1042.4/s
  [slice-progress] 812.4s processed=845603 frontier=19987 rate=1040.8/s
  [slice-progress] 822.4s processed=850871 frontier=19890 rate=1034.6/s
  [slice-progress] 832.5s processed=853998 frontier=19976 rate=1025.8/s
  [slice-progress] 842.6s processed=859993 frontier=19966 rate=1020.7/s
  [slice-progress] 852.6s processed=866228 frontier=19935 rate=1016.0/s
  [slice-progress] 862.6s processed=875467 frontier=19870 rate=1015.0/s
  [slice-progress] 872.6s processed=880638 frontier=19952 rate=1009.2/s
  [slice-progress] 882.6s processed=886431 frontier=20058 rate=1004.4/s
  [slice-progress] 892.6s processed=892873 frontier=19891 rate=1000.3/s
  [slice-progress] 902.6s processed=900139 frontier=19833 rate=997.3/s
  [slice-progress] 912.8s processed=908511 frontier=19844 rate=995.3/s
  [slice-progress] 923.0s processed=913690 frontier=19841 rate=989.9/s
  [slice-progress] 933.0s processed=923367 frontier=19861 rate=989.6/s
  [slice-progress] 943.2s processed=929575 frontier=19811 rate=985.6/s
  [slice-progress] 953.2s processed=940342 frontier=19884 rate=986.5/s
  [slice-progress] 963.2s processed=944642 frontier=19935 rate=980.8/s
  [slice-progress] 973.2s processed=950110 frontier=19878 rate=976.3/s
  [slice-progress] 983.3s processed=956618 frontier=19751 rate=972.9/s
  [slice-progress] 993.3s processed=963067 frontier=19817 rate=969.6/s
  [slice-progress] 1003.4s processed=968182 frontier=19704 rate=964.9/s
  [slice-progress] 1013.4s processed=974101 frontier=19785 rate=961.2/s
  [slice-progress] 1023.4s processed=979219 frontier=19650 rate=956.8/s
  [slice-progress] 1033.4s processed=989355 frontier=19481 rate=957.4/s
  [slice-progress] 1043.4s processed=1001902 frontier=19060 rate=960.2/s
  [slice-progress] 1053.4s processed=1007803 frontier=19054 rate=956.7/s
  [slice-progress] 1063.4s processed=1014079 frontier=19084 rate=953.6/s
  [slice-progress] 1073.7s processed=1020896 frontier=18989 rate=950.9/s
  [slice-progress] 1083.7s processed=1028981 frontier=19051 rate=949.5/s
  [slice-progress] 1093.7s processed=1033283 frontier=19009 rate=944.8/s
  [slice-progress] 1103.7s processed=1041870 frontier=19040 rate=944.0/s
  [slice-progress] 1113.8s processed=1046853 frontier=19008 rate=939.9/s
  [slice-progress] 1123.8s processed=1054796 frontier=19200 rate=938.6/s
  [slice-progress] 1133.8s processed=1064308 frontier=19032 rate=938.7/s
  [slice-progress] 1143.8s processed=1068683 frontier=19072 rate=934.3/s
  [slice-progress] 1154.0s processed=1076508 frontier=19022 rate=932.8/s
  [slice-progress] 1164.0s processed=1083504 frontier=19014 rate=930.8/s
  [slice-progress] 1174.0s processed=1089510 frontier=19004 rate=928.0/s
  [slice-progress] 1184.3s processed=1100030 frontier=19013 rate=928.9/s
  [slice-progress] 1194.3s processed=1105483 frontier=19005 rate=925.7/s
  [slice-progress] 1204.3s processed=1110243 frontier=18994 rate=921.9/s
  [slice-progress] 1214.4s processed=1121644 frontier=19002 rate=923.6/s
  [slice-progress] 1224.4s processed=1125970 frontier=19119 rate=919.6/s
  [slice-progress] 1234.4s processed=1134426 frontier=19021 rate=919.0/s
  [slice-progress] 1244.4s processed=1143499 frontier=19138 rate=918.9/s
  [slice-progress] 1254.4s processed=1149163 frontier=19031 rate=916.1/s
  [slice-progress] 1264.5s processed=1157748 frontier=18883 rate=915.6/s
  [slice-progress] 1274.6s processed=1163956 frontier=18840 rate=913.2/s
  [slice-progress] 1284.6s processed=1169980 frontier=18857 rate=910.8/s
  [slice-progress] 1294.6s processed=1177179 frontier=18826 rate=909.3/s
  [slice-progress] 1304.8s processed=1181786 frontier=18823 rate=905.7/s
  [slice-progress] 1314.8s processed=1188836 frontier=18915 rate=904.2/s
  [slice-progress] 1324.8s processed=1194559 frontier=18802 rate=901.7/s
  [slice-progress] 1334.8s processed=1200344 frontier=18796 rate=899.3/s
  [slice-progress] 1344.9s processed=1205889 frontier=18738 rate=896.6/s
  [slice-progress] 1354.9s processed=1212050 frontier=18790 rate=894.6/s
  [slice-progress] 1364.9s processed=1218357 frontier=18857 rate=892.6/s
  [slice-progress] 1374.9s processed=1225982 frontier=18669 rate=891.7/s
  [slice-progress] 1385.1s processed=1233519 frontier=18599 rate=890.6/s
  [slice-progress] 1395.1s processed=1242135 frontier=18560 rate=890.3/s
  [slice-progress] 1405.1s processed=1251126 frontier=18545 rate=890.4/s
  [slice-progress] 1415.1s processed=1260113 frontier=18286 rate=890.5/s
  [slice-progress] 1425.3s processed=1264502 frontier=18299 rate=887.2/s
  [slice-progress] 1435.3s processed=1269746 frontier=18197 rate=884.7/s
  [slice-progress] 1445.3s processed=1276130 frontier=18225 rate=883.0/s
  [slice-progress] 1455.3s processed=1281599 frontier=18256 rate=880.6/s
  [slice-progress] 1465.3s processed=1287286 frontier=18181 rate=878.5/s
  [slice-progress] 1475.6s processed=1290781 frontier=18160 rate=874.8/s
  [slice-progress] 1485.6s processed=1296295 frontier=18281 rate=872.6/s
  [slice-progress] 1495.6s processed=1301153 frontier=18126 rate=870.0/s
  [slice-progress] 1505.6s processed=1308052 frontier=18105 rate=868.8/s
  [slice-progress] 1515.6s processed=1313022 frontier=18171 rate=866.3/s
  [slice-progress] 1525.6s processed=1318447 frontier=18094 rate=864.2/s
  [slice-progress] 1535.6s processed=1323250 frontier=18119 rate=861.7/s
  [slice-progress] 1545.6s processed=1332950 frontier=18205 rate=862.4/s
  [slice-progress] 1555.9s processed=1337069 frontier=18079 rate=859.3/s
  [slice-progress] 1566.0s processed=1342830 frontier=18151 rate=857.5/s
  [slice-progress] 1576.0s processed=1347717 frontier=18052 rate=855.1/s
  [slice-progress] 1586.0s processed=1353124 frontier=18200 rate=853.2/s
  [slice-progress] 1596.0s processed=1356908 frontier=18090 rate=850.2/s
  [slice-progress] 1606.0s processed=1363043 frontier=18108 rate=848.7/s
  [slice-progress] 1616.0s processed=1368435 frontier=18087 rate=846.8/s
  [slice-progress] 1626.3s processed=1372788 frontier=17917 rate=844.1/s
  [slice-progress] 1636.3s processed=1377778 frontier=17942 rate=842.0/s
  [slice-progress] 1646.3s processed=1382717 frontier=17779 rate=839.9/s
  [slice-progress] 1656.5s processed=1387868 frontier=17470 rate=837.9/s
  [slice-progress] 1666.9s processed=1392213 frontier=17475 rate=835.2/s
  [slice-progress] 1676.9s processed=1396744 frontier=17601 rate=832.9/s
  [slice-progress] 1686.9s processed=1401044 frontier=17595 rate=830.6/s
  [slice-progress] 1697.1s processed=1406970 frontier=17448 rate=829.0/s
  [slice-progress] 1707.1s processed=1410305 frontier=17498 rate=826.1/s
  [slice-progress] 1717.1s processed=1413676 frontier=17405 rate=823.3/s
  [slice-progress] 1727.1s processed=1418933 frontier=17397 rate=821.6/s
  [slice-progress] 1737.1s processed=1424594 frontier=17358 rate=820.1/s
  [slice-progress] 1747.2s processed=1428769 frontier=17356 rate=817.8/s
  [slice-progress] 1757.2s processed=1432640 frontier=17362 rate=815.3/s
  [slice-progress] 1767.2s processed=1437614 frontier=17241 rate=813.5/s
  [slice-progress] 1777.4s processed=1439574 frontier=17206 rate=809.9/s
  [slice-progress] 1787.4s processed=1443823 frontier=17590 rate=807.8/s
  [slice-progress] 1797.4s processed=1448826 frontier=17402 rate=806.1/s
  [slice-progress] 1807.5s processed=1450941 frontier=17242 rate=802.7/s
  [slice-progress] 1817.8s processed=1451252 frontier=17238 rate=798.3/s
  [slice-progress] 1828.1s processed=1451547 frontier=17278 rate=794.0/s
  [slice-progress] 1838.2s processed=1452093 frontier=17353 rate=790.0/s
  [slice-progress] 1848.2s processed=1455401 frontier=17565 rate=787.5/s
  [slice-progress] 1858.2s processed=1457188 frontier=17522 rate=784.2/s
  [slice-progress] 1868.2s processed=1460004 frontier=17599 rate=781.5/s
  [slice-progress] 1878.2s processed=1461278 frontier=17660 rate=778.0/s
  [slice-progress] 1888.2s processed=1462105 frontier=17682 rate=774.3/s
  [slice-progress] 1898.2s processed=1463544 frontier=17638 rate=771.0/s
  [slice-progress] 1908.3s processed=1464255 frontier=17606 rate=767.3/s
  [slice-progress] 1918.4s processed=1465077 frontier=17652 rate=763.7/s
  [slice-progress] 1935.3s processed=1465708 frontier=17625 rate=757.4/s
  [slice-progress] 1945.3s processed=1467095 frontier=17624 rate=754.2/s
  [slice-progress] 1955.3s processed=1468112 frontier=17606 rate=750.8/s
  [slice-progress] 1967.4s processed=1468424 frontier=17609 rate=746.4/s
  [slice-progress] 1977.5s processed=1470044 frontier=17612 rate=743.4/s
  [slice-progress] 1991.8s processed=1472902 frontier=18041 rate=739.5/s
  [slice-progress] 2010.6s processed=1473474 frontier=18059 rate=732.8/s
  [slice-progress] 2020.6s processed=1475556 frontier=18033 rate=730.2/s
  [slice-progress] 2034.7s processed=1479162 frontier=17894 rate=727.0/s
  [slice-progress] 2044.7s processed=1482143 frontier=18113 rate=724.9/s
  [slice-progress] 2054.7s processed=1485573 frontier=18565 rate=723.0/s
  [slice-progress] 2064.7s processed=1487875 frontier=18776 rate=720.6/s
  [slice-progress] 2074.7s processed=1491548 frontier=19151 rate=718.9/s
  [slice-progress] 2084.7s processed=1494698 frontier=19254 rate=717.0/s
  [slice-progress] 2094.7s processed=1497211 frontier=19281 rate=714.7/s
  [slice-progress] 2104.8s processed=1499147 frontier=19372 rate=712.3/s
  [slice-progress] 2114.9s processed=1500110 frontier=19375 rate=709.3/s
  [slice-progress] 2124.9s processed=1503010 frontier=19316 rate=707.3/s
  [slice-progress] 2134.9s processed=1505511 frontier=19311 rate=705.2/s
  [slice-progress] 2144.9s processed=1507704 frontier=19273 rate=702.9/s
  [slice-progress] 2155.0s processed=1510186 frontier=19610 rate=700.8/s
  [slice-progress] 2169.8s processed=1512947 frontier=20185 rate=697.3/s
  [slice-progress] 2179.8s processed=1518333 frontier=19500 rate=696.5/s
  [slice-progress] 2189.8s processed=1522372 frontier=19936 rate=695.2/s
  [slice-progress] 2199.8s processed=1524951 frontier=19937 rate=693.2/s
  [slice-progress] 2209.8s processed=1526132 frontier=19929 rate=690.6/s
  [slice-progress] 2219.8s processed=1527278 frontier=19947 rate=688.0/s
  [slice-progress] 2230.0s processed=1530364 frontier=19900 rate=686.3/s
  [slice-progress] 2240.0s processed=1533026 frontier=19921 rate=684.4/s
  [slice-progress] 2250.0s processed=1534842 frontier=19922 rate=682.2/s
  [slice-progress] 2260.0s processed=1538682 frontier=20198 rate=680.8/s
  [slice-progress] 2270.1s processed=1540969 frontier=20139 rate=678.8/s
  [slice-progress] 2280.1s processed=1542660 frontier=20248 rate=676.6/s
  [slice-progress] 2290.3s processed=1544684 frontier=20284 rate=674.5/s
  [slice-progress] 2300.3s processed=1546697 frontier=20296 rate=672.4/s
  [slice-progress] 2310.3s processed=1548978 frontier=20301 rate=670.5/s
  [slice-progress] 2320.3s processed=1549888 frontier=20460 rate=668.0/s
  [slice-progress] 2330.3s processed=1552943 frontier=20569 rate=666.4/s
  [slice-progress] 2340.3s processed=1555273 frontier=20496 rate=664.6/s
  [slice-progress] 2350.3s processed=1557681 frontier=20584 rate=662.7/s
  [slice-progress] 2360.3s processed=1558653 frontier=20598 rate=660.3/s
  [slice-progress] 2370.4s processed=1559556 frontier=20502 rate=657.9/s
  [slice-progress] 2380.4s processed=1561979 frontier=20419 rate=656.2/s
  [slice-progress] 2390.4s processed=1563576 frontier=20495 rate=654.1/s
  [slice-progress] 2400.4s processed=1565269 frontier=20583 rate=652.1/s
  [slice-progress] 2410.4s processed=1567155 frontier=20551 rate=650.2/s
  [slice-progress] 2420.5s processed=1567785 frontier=20556 rate=647.7/s
  [slice-progress] 2430.6s processed=1569179 frontier=20575 rate=645.6/s
  [slice-progress] 2440.6s processed=1570608 frontier=20510 rate=643.5/s
  [slice-progress] 2450.6s processed=1572865 frontier=20509 rate=641.8/s
  [slice-progress] 2460.6s processed=1575915 frontier=20446 rate=640.4/s
  [slice-progress] 2470.7s processed=1578891 frontier=20553 rate=639.0/s
  [slice-progress] 2480.7s processed=1580287 frontier=20585 rate=637.0/s
  [slice-progress] 2490.8s processed=1582065 frontier=20645 rate=635.2/s
  [slice-progress] 2500.8s processed=1582748 frontier=20670 rate=632.9/s
  [slice-progress] 2510.8s processed=1583651 frontier=20685 rate=630.7/s
  [slice-progress] 2520.8s processed=1585736 frontier=20602 rate=629.1/s
  [slice-progress] 2531.0s processed=1588047 frontier=20610 rate=627.4/s
  [slice-progress] 2541.0s processed=1590777 frontier=20579 rate=626.0/s
  [slice-progress] 2551.1s processed=1593312 frontier=20617 rate=624.6/s
  [slice-progress] 2561.1s processed=1596577 frontier=20853 rate=623.4/s
  [slice-progress] 2571.1s processed=1597093 frontier=20788 rate=621.2/s
  [slice-progress] 2581.1s processed=1600643 frontier=21055 rate=620.1/s
  [slice-progress] 2591.5s processed=1600917 frontier=21058 rate=617.7/s
  [slice-progress] 2601.6s processed=1601673 frontier=21067 rate=615.6/s
  [slice-progress] 2611.9s processed=1602707 frontier=21214 rate=613.6/s
  [slice-progress] 2621.9s processed=1605008 frontier=21085 rate=612.2/s
  [slice-progress] 2631.9s processed=1608660 frontier=21356 rate=611.2/s
  [slice-progress] 2641.9s processed=1612146 frontier=20991 rate=610.2/s
  [slice-progress] 2652.0s processed=1613862 frontier=21002 rate=608.6/s
  [slice-progress] 2662.0s processed=1616543 frontier=21108 rate=607.3/s
  [slice-progress] 2672.0s processed=1620499 frontier=20856 rate=606.5/s
  [slice-progress] 2682.0s processed=1624483 frontier=20683 rate=605.7/s
  [slice-progress] 2692.0s processed=1626939 frontier=20890 rate=604.4/s
  [slice-progress] 2702.1s processed=1628960 frontier=20667 rate=602.9/s
  [slice-progress] 2712.1s processed=1631647 frontier=20699 rate=601.6/s
  [slice-progress] 2722.2s processed=1634495 frontier=20806 rate=600.4/s
  [slice-progress] 2732.2s processed=1638209 frontier=20919 rate=599.6/s
  [slice-progress] 2742.2s processed=1641884 frontier=21018 rate=598.7/s
  [slice-progress] 2752.2s processed=1643246 frontier=20916 rate=597.1/s
  [slice-progress] 2762.5s processed=1647451 frontier=21208 rate=596.4/s
  [slice-progress] 2772.5s processed=1648614 frontier=21332 rate=594.6/s
  [slice-progress] 2782.5s processed=1652559 frontier=21409 rate=593.9/s
  [slice-progress] 2792.5s processed=1654700 frontier=21623 rate=592.6/s
  [slice-progress] 2802.5s processed=1657566 frontier=21159 rate=591.5/s
  [slice-progress] 2812.5s processed=1660193 frontier=21030 rate=590.3/s
  [slice-progress] 2822.5s processed=1666165 frontier=20814 rate=590.3/s
  [slice-progress] 2832.6s processed=1670108 frontier=20684 rate=589.6/s
  [slice-progress] 2842.6s processed=1672214 frontier=20681 rate=588.3/s
  [slice-progress] 2852.6s processed=1677703 frontier=20740 rate=588.1/s
  [slice-progress] 2862.6s processed=1679148 frontier=20791 rate=586.6/s
  [slice-progress] 2872.6s processed=1681215 frontier=20902 rate=585.3/s
  [slice-progress] 2882.6s processed=1683085 frontier=20869 rate=583.9/s
  [slice-progress] 2892.6s processed=1683941 frontier=20882 rate=582.1/s
  [slice-progress] 2902.6s processed=1685339 frontier=20884 rate=580.6/s
  [slice-progress] 2912.6s processed=1687330 frontier=20777 rate=579.3/s
  [slice-progress] 2922.6s processed=1689533 frontier=20762 rate=578.1/s
  [slice-progress] 2932.7s processed=1691814 frontier=20695 rate=576.9/s
  [slice-progress] 2943.5s processed=1694740 frontier=20832 rate=575.8/s
  [slice-progress] 2953.5s processed=1696267 frontier=20960 rate=574.3/s
  [slice-progress] 2963.7s processed=1697830 frontier=20994 rate=572.9/s
  [slice-progress] 2973.7s processed=1699192 frontier=20993 rate=571.4/s
  [slice-progress] 2983.8s processed=1700368 frontier=21014 rate=569.9/s
  [slice-progress] 2993.8s processed=1701084 frontier=20964 rate=568.2/s
  [slice-progress] 3003.8s processed=1702790 frontier=20887 rate=566.9/s
  [slice-progress] 3013.8s processed=1704521 frontier=20896 rate=565.6/s
  [slice-progress] 3023.8s processed=1705709 frontier=20944 rate=564.1/s
  [slice-progress] 3033.8s processed=1710202 frontier=20964 rate=563.7/s
  [slice-progress] 3043.8s processed=1710907 frontier=21002 rate=562.1/s
  [slice-progress] 3053.9s processed=1714534 frontier=21144 rate=561.4/s
  [slice-progress] 3063.9s processed=1717968 frontier=21057 rate=560.7/s
  [slice-progress] 3073.9s processed=1721048 frontier=21043 rate=559.9/s
  [slice-progress] 3084.0s processed=1724755 frontier=21238 rate=559.3/s
  [slice-progress] 3094.0s processed=1730322 frontier=20944 rate=559.2/s
  [slice-progress] 3104.0s processed=1732585 frontier=21010 rate=558.2/s
  [slice-progress] 3114.0s processed=1734614 frontier=21075 rate=557.0/s
  [slice-progress] 3124.2s processed=1735524 frontier=21094 rate=555.5/s
  [slice-progress] 3134.2s processed=1737093 frontier=21027 rate=554.2/s
  [slice-progress] 3144.2s processed=1739293 frontier=21044 rate=553.2/s
  [slice-progress] 3154.3s processed=1740588 frontier=21066 rate=551.8/s
  [slice-progress] 3164.3s processed=1742016 frontier=21046 rate=550.5/s
  [slice-progress] 3174.3s processed=1745389 frontier=21324 rate=549.9/s
  [slice-progress] 3184.3s processed=1747159 frontier=21300 rate=548.7/s
  [slice-progress] 3194.3s processed=1750933 frontier=21284 rate=548.1/s
  [slice-progress] 3204.3s processed=1751689 frontier=21504 rate=546.7/s
  [slice-progress] 3214.3s processed=1755242 frontier=21360 rate=546.1/s
  [slice-progress] 3224.3s processed=1759119 frontier=21292 rate=545.6/s
  [slice-progress] 3234.3s processed=1762599 frontier=21429 rate=545.0/s
  [slice-progress] 3244.3s processed=1763645 frontier=21463 rate=543.6/s
  [slice-progress] 3255.3s processed=1764962 frontier=21833 rate=542.2/s
  [slice-progress] 3265.3s processed=1766209 frontier=21943 rate=540.9/s
  [slice-progress] 3275.3s processed=1767622 frontier=21950 rate=539.7/s
  [slice-progress] 3285.3s processed=1769112 frontier=21940 rate=538.5/s
  [slice-progress] 3295.3s processed=1770026 frontier=21989 rate=537.1/s
  [slice-progress] 3305.3s processed=1770685 frontier=21941 rate=535.7/s
  [slice-progress] 3315.4s processed=1772098 frontier=21939 rate=534.5/s
  [slice-progress] 3326.9s processed=1773887 frontier=22095 rate=533.2/s
  [slice-progress] 3337.0s processed=1775181 frontier=22138 rate=532.0/s
  [slice-progress] 3347.0s processed=1776631 frontier=22173 rate=530.8/s
  [slice-progress] 3357.0s processed=1777619 frontier=22168 rate=529.5/s
  [slice-progress] 3367.0s processed=1778391 frontier=22206 rate=528.2/s
  [slice-progress] 3377.1s processed=1778847 frontier=22187 rate=526.7/s
  [slice-progress] 3387.1s processed=1779975 frontier=22156 rate=525.5/s
  [slice-progress] 3397.1s processed=1781643 frontier=22100 rate=524.5/s
  [slice-progress] 3407.1s processed=1783511 frontier=22088 rate=523.5/s
  [slice-progress] 3417.1s processed=1784805 frontier=22155 rate=522.3/s
  [slice-progress] 3427.1s processed=1786250 frontier=22185 rate=521.2/s
  [slice-progress] 3437.1s processed=1788116 frontier=22200 rate=520.2/s
  [slice-progress] 3447.2s processed=1788776 frontier=22198 rate=518.9/s
  [slice-progress] 3457.2s processed=1789709 frontier=22245 rate=517.7/s
  [slice-progress] 3467.2s processed=1791045 frontier=22153 rate=516.6/s
  [slice-progress] 3477.2s processed=1792638 frontier=22188 rate=515.5/s
  [slice-progress] 3487.2s processed=1793673 frontier=22411 rate=514.4/s
  [slice-progress] 3497.2s processed=1795533 frontier=22424 rate=513.4/s
  [slice-progress] 3507.3s processed=1798337 frontier=22428 rate=512.7/s
  [slice-progress] 3517.3s processed=1799286 frontier=22388 rate=511.6/s
  [slice-progress] 3527.3s processed=1803227 frontier=22451 rate=511.2/s
  [slice-progress] 3537.3s processed=1804137 frontier=22468 rate=510.0/s
  [slice-progress] 3547.4s processed=1805270 frontier=22374 rate=508.9/s
  [slice-progress] 3557.4s processed=1809184 frontier=22589 rate=508.6/s
  [slice-progress] 3567.4s processed=1810193 frontier=22508 rate=507.4/s
  [slice-progress] 3577.4s processed=1813575 frontier=22537 rate=507.0/s
  [slice-progress] 3587.5s processed=1814964 frontier=22559 rate=505.9/s
  [slice-progress] 3597.7s processed=1816985 frontier=22568 rate=505.0/s
  [slice-progress] 3607.7s processed=1818104 frontier=22834 rate=503.9/s
  [slice-progress] 3617.8s processed=1819212 frontier=22934 rate=502.9/s
  [slice-progress] 3627.8s processed=1820398 frontier=22926 rate=501.8/s
  [slice-progress] 3637.8s processed=1821687 frontier=22958 rate=500.8/s
  [slice-progress] 3647.8s processed=1822951 frontier=22922 rate=499.7/s
  [slice-progress] 3657.9s processed=1824461 frontier=22835 rate=498.8/s
  [slice-progress] 3686.3s processed=1826057 frontier=22877 rate=495.4/s
  [slice-progress] 3697.6s processed=1827057 frontier=22970 rate=494.1/s
  [slice-progress] 3707.6s processed=1827406 frontier=22959 rate=492.9/s
  [slice-progress] 3717.6s processed=1827882 frontier=22913 rate=491.7/s
  [slice-progress] 3727.6s processed=1829206 frontier=22910 rate=490.7/s
  [slice-progress] 3739.4s processed=1829907 frontier=23006 rate=489.4/s
  [slice-progress] 3749.4s processed=1830773 frontier=23050 rate=488.3/s
  [slice-progress] 3759.5s processed=1831782 frontier=23049 rate=487.2/s
  [slice-progress] 3769.5s processed=1832823 frontier=23136 rate=486.2/s
  [slice-progress] 3780.4s processed=1833707 frontier=23142 rate=485.1/s
  [slice-progress] 3790.4s processed=1834307 frontier=23135 rate=483.9/s
  [slice-progress] 3800.5s processed=1834960 frontier=23100 rate=482.8/s
  [slice-progress] 3810.5s processed=1835853 frontier=23101 rate=481.8/s
  [slice-progress] 3820.5s processed=1837143 frontier=23030 rate=480.9/s
  [slice-progress] 3830.5s processed=1838459 frontier=22957 rate=479.9/s
  [slice-progress] 3840.6s processed=1840796 frontier=23285 rate=479.3/s
  [slice-progress] 3850.6s processed=1843574 frontier=23396 rate=478.8/s
  [slice-progress] 3860.7s processed=1844063 frontier=23321 rate=477.7/s
  [slice-progress] 3870.7s processed=1846729 frontier=23109 rate=477.1/s
  [slice-progress] 3880.7s processed=1848920 frontier=23023 rate=476.4/s
  [slice-progress] 3890.8s processed=1851517 frontier=23225 rate=475.9/s
  [slice-progress] 3900.8s processed=1853364 frontier=23177 rate=475.1/s
  [slice-progress] 3910.9s processed=1854108 frontier=23213 rate=474.1/s
  [slice-progress] 3920.9s processed=1856886 frontier=23366 rate=473.6/s
  [slice-progress] 3930.9s processed=1860280 frontier=23035 rate=473.2/s
  [slice-progress] 3940.9s processed=1863047 frontier=22958 rate=472.7/s
  [slice-progress] 3950.9s processed=1864608 frontier=23111 rate=471.9/s
  [slice-progress] 3961.0s processed=1866089 frontier=23082 rate=471.1/s
  [slice-progress] 3971.0s processed=1870637 frontier=23232 rate=471.1/s
  [slice-progress] 3981.0s processed=1875058 frontier=23051 rate=471.0/s
  [slice-progress] 3991.1s processed=1877891 frontier=23250 rate=470.5/s
  [slice-progress] 4001.1s processed=1888629 frontier=23936 rate=472.0/s
  [slice-progress] 4011.1s processed=1894252 frontier=23877 rate=472.3/s
  [slice-progress] 4021.2s processed=1897957 frontier=23271 rate=472.0/s
  [slice-progress] 4031.3s processed=1901210 frontier=23580 rate=471.6/s
  [slice-progress] 4041.3s processed=1901891 frontier=23585 rate=470.6/s
  [slice-progress] 4051.3s processed=1903405 frontier=23642 rate=469.8/s
  [slice-progress] 4061.3s processed=1908341 frontier=23910 rate=469.9/s
  [slice-progress] 4071.3s processed=1911775 frontier=23512 rate=469.6/s
  [slice-progress] 4081.3s processed=1916646 frontier=23747 rate=469.6/s
  [slice-progress] 4091.3s processed=1918786 frontier=23975 rate=469.0/s
  [slice-progress] 4101.4s processed=1919806 frontier=24046 rate=468.1/s
  [slice-progress] 4111.4s processed=1920743 frontier=23995 rate=467.2/s
  [slice-progress] 4121.4s processed=1921919 frontier=23990 rate=466.3/s
  [slice-progress] 4133.5s processed=1922957 frontier=24046 rate=465.2/s
  [slice-progress] 4143.5s processed=1923329 frontier=24022 rate=464.2/s
  [slice-progress] 4153.6s processed=1923966 frontier=24042 rate=463.2/s
  [slice-progress] 4163.6s processed=1925168 frontier=24031 rate=462.4/s
  [slice-progress] 4173.6s processed=1926309 frontier=23968 rate=461.5/s
  [slice-progress] 4183.7s processed=1927524 frontier=23937 rate=460.7/s
  [slice-progress] 4193.7s processed=1928130 frontier=23933 rate=459.8/s
  [slice-progress] 4203.9s processed=1929427 frontier=23903 rate=459.0/s
  [slice-progress] 4214.0s processed=1930995 frontier=24085 rate=458.2/s
  [slice-progress] 4224.0s processed=1931472 frontier=24026 rate=457.3/s
  [slice-progress] 4234.0s processed=1933719 frontier=24362 rate=456.7/s
  [slice-progress] 4244.1s processed=1942105 frontier=24713 rate=457.6/s
  [slice-progress] 4254.1s processed=1946959 frontier=24738 rate=457.7/s
  [slice-progress] 4264.1s processed=1947746 frontier=24999 rate=456.8/s
  [slice-progress] 4274.2s processed=1947802 frontier=24984 rate=455.7/s
  [slice-progress] 4284.3s processed=1948011 frontier=24981 rate=454.7/s
  [slice-progress] 4294.3s processed=1950131 frontier=25110 rate=454.1/s
  [slice-progress] 4304.3s processed=1952144 frontier=25093 rate=453.5/s
  [slice-progress] 4314.4s processed=1954925 frontier=25196 rate=453.1/s
  [slice-progress] 4324.4s processed=1955934 frontier=25075 rate=452.3/s
  [slice-progress] 4334.4s processed=1964489 frontier=25343 rate=453.2/s
  [slice-progress] 4344.4s processed=1970503 frontier=25168 rate=453.6/s
  [slice-progress] 4354.5s processed=1972857 frontier=25019 rate=453.1/s
  [slice-progress] 4364.5s processed=1975122 frontier=24993 rate=452.5/s
  [slice-progress] 4374.7s processed=1979371 frontier=25154 rate=452.5/s
  [slice-progress] 4384.7s processed=1981269 frontier=25669 rate=451.9/s
  [slice-progress] 4394.9s processed=1985359 frontier=24948 rate=451.7/s
  [slice-progress] 4405.4s processed=1987206 frontier=24973 rate=451.1/s
  [slice-progress] 4415.4s processed=1988420 frontier=24970 rate=450.3/s
  [slice-progress] 4425.4s processed=1992242 frontier=24996 rate=450.2/s
  [slice-progress] 4435.5s processed=1995256 frontier=25289 rate=449.8/s
  [slice-progress] 4445.5s processed=1997189 frontier=25287 rate=449.3/s
  [slice-progress] 4455.6s processed=1999037 frontier=25387 rate=448.7/s
  [slice-progress] 4465.6s processed=2002934 frontier=24912 rate=448.5/s
  [slice-progress] 4475.6s processed=2006357 frontier=25225 rate=448.3/s
  [slice-progress] 4485.6s processed=2006975 frontier=25285 rate=447.4/s
  [slice-progress] 4495.6s processed=2008127 frontier=25324 rate=446.7/s
  [slice-progress] 4505.6s processed=2009201 frontier=25305 rate=445.9/s
  [slice-progress] 4515.7s processed=2010572 frontier=25353 rate=445.2/s
  [slice-progress] 4525.7s processed=2011827 frontier=25441 rate=444.5/s
  [slice-progress] 4535.8s processed=2012998 frontier=25385 rate=443.8/s
  [slice-progress] 4545.9s processed=2014085 frontier=25314 rate=443.1/s
  [slice-progress] 4555.9s processed=2015583 frontier=25351 rate=442.4/s
  [slice-progress] 4565.9s processed=2016806 frontier=25240 rate=441.7/s
  [slice-progress] 4576.0s processed=2017424 frontier=25374 rate=440.9/s
  [slice-progress] 4586.0s processed=2018369 frontier=25362 rate=440.1/s
  [slice-progress] 4596.0s processed=2019300 frontier=25376 rate=439.4/s
  [slice-progress] 4606.0s processed=2021452 frontier=25396 rate=438.9/s
  [slice-progress] 4616.1s processed=2022611 frontier=25516 rate=438.2/s
  [slice-progress] 4626.1s processed=2023175 frontier=25577 rate=437.3/s
  [slice-progress] 4636.1s processed=2024349 frontier=25649 rate=436.6/s
  [slice-progress] 4646.2s processed=2025313 frontier=25656 rate=435.9/s
  [slice-progress] 4656.2s processed=2026580 frontier=25660 rate=435.2/s
  [slice-progress] 4666.2s processed=2027278 frontier=25716 rate=434.5/s
  [slice-progress] 4676.2s processed=2028141 frontier=25717 rate=433.7/s
  [slice-progress] 4686.2s processed=2029339 frontier=25662 rate=433.0/s
  [slice-progress] 4696.3s processed=2031316 frontier=25712 rate=432.5/s
  [slice-progress] 4706.3s processed=2035045 frontier=25894 rate=432.4/s
  [slice-progress] 4716.3s processed=2038537 frontier=25691 rate=432.2/s
  [slice-progress] 4726.3s processed=2041513 frontier=25718 rate=431.9/s
  [slice-progress] 4736.4s processed=2044053 frontier=25838 rate=431.6/s
  [slice-progress] 4746.4s processed=2047318 frontier=25818 rate=431.3/s
  [slice-progress] 4756.5s processed=2051709 frontier=25945 rate=431.4/s
  [slice-progress] 4766.5s processed=2062111 frontier=26313 rate=432.6/s
  [slice-progress] 4776.5s processed=2063872 frontier=26369 rate=432.1/s
  [slice-progress] 4786.6s processed=2067440 frontier=26366 rate=431.9/s
  [slice-progress] 4796.6s processed=2068718 frontier=26309 rate=431.3/s
  [slice-progress] 4806.6s processed=2069457 frontier=26289 rate=430.5/s
  [slice-progress] 4816.6s processed=2070188 frontier=26310 rate=429.8/s
  [slice-progress] 4826.6s processed=2071510 frontier=26425 rate=429.2/s
  [slice-progress] 4836.6s processed=2072500 frontier=26573 rate=428.5/s
  [slice-progress] 4846.7s processed=2074012 frontier=26631 rate=427.9/s
  [slice-progress] 4857.2s processed=2074674 frontier=26665 rate=427.1/s
  [slice-progress] 4867.3s processed=2075860 frontier=26627 rate=426.5/s
  [slice-progress] 4877.3s processed=2076629 frontier=26640 rate=425.8/s
  [slice-progress] 4887.3s processed=2077413 frontier=26612 rate=425.1/s
  [slice-progress] 4897.3s processed=2078432 frontier=26667 rate=424.4/s
  [slice-progress] 4908.3s processed=2079499 frontier=26782 rate=423.7/s
  [slice-progress] 4918.3s processed=2081788 frontier=26913 rate=423.3/s
  [slice-progress] 4928.4s processed=2083207 frontier=26865 rate=422.7/s
  [slice-progress] 4938.7s processed=2084073 frontier=27059 rate=422.0/s
  [slice-progress] 4948.7s processed=2085460 frontier=27228 rate=421.4/s
  [slice-progress] 4958.7s processed=2086864 frontier=27437 rate=420.8/s
  [slice-progress] 4968.7s processed=2087518 frontier=27466 rate=420.1/s
  [slice-progress] 4978.8s processed=2088295 frontier=27500 rate=419.4/s
  [slice-progress] 4988.8s processed=2089426 frontier=27516 rate=418.8/s
  [slice-progress] 4998.8s processed=2090425 frontier=27517 rate=418.2/s
  [slice-progress] 5008.8s processed=2091215 frontier=27520 rate=417.5/s
  [slice-progress] 5018.8s processed=2092048 frontier=27502 rate=416.8/s
  [slice-progress] 5028.9s processed=2092943 frontier=27501 rate=416.2/s
  [slice-progress] 5039.0s processed=2093868 frontier=27539 rate=415.5/s
  [slice-progress] 5049.0s processed=2094460 frontier=27579 rate=414.8/s
  [slice-progress] 5059.2s processed=2094946 frontier=27528 rate=414.1/s
  [slice-progress] 5106.8s processed=2095668 frontier=27535 rate=410.4/s
  [slice-progress] 5116.8s processed=2096395 frontier=27495 rate=409.7/s
  [slice-progress] 5126.9s processed=2097076 frontier=27469 rate=409.0/s
  [slice-progress] 5136.9s processed=2098227 frontier=27542 rate=408.5/s
  [slice-progress] 5146.9s processed=2099733 frontier=27458 rate=408.0/s
  [slice-progress] 5156.9s processed=2101258 frontier=27468 rate=407.5/s
  [slice-progress] 5166.9s processed=2104485 frontier=27716 rate=407.3/s
  [slice-progress] 5176.9s processed=2107547 frontier=27552 rate=407.1/s
  [slice-progress] 5187.0s processed=2112628 frontier=27536 rate=407.3/s
  [slice-progress] 5197.0s processed=2118262 frontier=27518 rate=407.6/s
  [slice-progress] 5207.0s processed=2120874 frontier=27632 rate=407.3/s
  [slice-progress] 5217.0s processed=2122145 frontier=27620 rate=406.8/s
  [slice-progress] 5227.2s processed=2123162 frontier=27622 rate=406.2/s
  [slice-progress] 5237.5s processed=2123895 frontier=27620 rate=405.5/s
  [slice-progress] 5247.5s processed=2128377 frontier=27799 rate=405.6/s
  [slice-progress] 5257.5s processed=2132471 frontier=27823 rate=405.6/s
  [slice-progress] 5267.6s processed=2134146 frontier=27769 rate=405.1/s
  [slice-progress] 5277.6s processed=2134826 frontier=27775 rate=404.5/s
  [slice-progress] 5287.6s processed=2135755 frontier=27812 rate=403.9/s
  [slice-progress] 5297.6s processed=2136740 frontier=27800 rate=403.3/s
  [slice-progress] 5307.7s processed=2138024 frontier=27867 rate=402.8/s
  [slice-progress] 5317.7s processed=2138771 frontier=27920 rate=402.2/s
  [slice-progress] 5327.8s processed=2139298 frontier=27861 rate=401.5/s
  [slice-progress] 5338.0s processed=2139837 frontier=28022 rate=400.9/s
  [slice-progress] 5348.0s processed=2140677 frontier=28046 rate=400.3/s
  [slice-progress] 5358.0s processed=2141751 frontier=28059 rate=399.7/s
  [slice-progress] 5368.0s processed=2142969 frontier=28078 rate=399.2/s
  [slice-progress] 5378.1s processed=2143920 frontier=28086 rate=398.6/s
  [slice-progress] 5388.1s processed=2144975 frontier=28097 rate=398.1/s
  [slice-progress] 5398.1s processed=2146072 frontier=28059 rate=397.6/s
  [slice-progress] 5408.1s processed=2146820 frontier=28122 rate=397.0/s
  [slice-progress] 5418.2s processed=2147310 frontier=28094 rate=396.3/s
  [slice-progress] 5428.2s processed=2148044 frontier=28085 rate=395.7/s
  [slice-progress] 5438.2s processed=2148848 frontier=28051 rate=395.1/s
  [slice-progress] 5448.2s processed=2149800 frontier=28043 rate=394.6/s
  [slice-progress] 5458.3s processed=2150513 frontier=28088 rate=394.0/s
  [slice-progress] 5468.3s processed=2151490 frontier=28025 rate=393.4/s
  [slice-progress] 5478.3s processed=2152723 frontier=28102 rate=393.0/s
  [slice-progress] 5488.3s processed=2153535 frontier=28090 rate=392.4/s
  [slice-progress] 5498.4s processed=2154968 frontier=28076 rate=391.9/s
  [slice-progress] 5508.4s processed=2155518 frontier=28041 rate=391.3/s
  [slice-progress] 5519.0s processed=2158229 frontier=28045 rate=391.1/s
  [slice-progress] 5529.3s processed=2163148 frontier=28640 rate=391.2/s
  [slice-progress] 5539.3s processed=2171736 frontier=28668 rate=392.1/s
  [slice-progress] 5549.3s processed=2179169 frontier=28207 rate=392.7/s
  [slice-progress] 5559.3s processed=2181929 frontier=28490 rate=392.5/s
  [slice-progress] 5569.3s processed=2184204 frontier=28417 rate=392.2/s
  [slice-progress] 5579.5s processed=2186592 frontier=28382 rate=391.9/s
  [slice-progress] 5589.5s processed=2188507 frontier=28412 rate=391.5/s
  [slice-progress] 5599.5s processed=2190270 frontier=28443 rate=391.2/s
  [slice-progress] 5611.9s processed=2192298 frontier=28488 rate=390.6/s
  [slice-progress] 5622.0s processed=2193687 frontier=28571 rate=390.2/s
  [slice-progress] 5632.0s processed=2194703 frontier=28615 rate=389.7/s
  [slice-progress] 5642.0s processed=2195761 frontier=28615 rate=389.2/s
  [slice-progress] 5652.1s processed=2196572 frontier=28681 rate=388.6/s
  [slice-progress] 5662.1s processed=2197093 frontier=28661 rate=388.0/s
  [slice-progress] 5672.1s processed=2198222 frontier=28658 rate=387.5/s
  [slice-progress] 5682.1s processed=2199304 frontier=28532 rate=387.1/s
  [slice-progress] 5692.2s processed=2200495 frontier=28520 rate=386.6/s
  [slice-progress] 5702.2s processed=2202689 frontier=28855 rate=386.3/s
  [slice-progress] 5712.4s processed=2205468 frontier=29035 rate=386.1/s
  [slice-progress] 5722.4s processed=2207704 frontier=28748 rate=385.8/s
  [slice-progress] 5732.4s processed=2209345 frontier=28797 rate=385.4/s
  [slice-progress] 5742.4s processed=2213204 frontier=28939 rate=385.4/s
  [slice-progress] 5752.4s processed=2214932 frontier=28784 rate=385.0/s
  [slice-progress] 5762.4s processed=2219043 frontier=28825 rate=385.1/s
  [slice-progress] 5772.4s processed=2222803 frontier=28887 rate=385.1/s
  [slice-progress] 5808.2s processed=2227694 frontier=29071 rate=383.5/s
  [slice-progress] 5818.2s processed=2230248 frontier=29247 rate=383.3/s
  [slice-progress] 5828.2s processed=2230863 frontier=29277 rate=382.8/s
  [slice-progress] 5838.3s processed=2231449 frontier=29364 rate=382.2/s
  [slice-progress] 5848.3s processed=2233297 frontier=29589 rate=381.9/s
  [slice-progress] 5858.5s processed=2235111 frontier=29672 rate=381.5/s
  [slice-progress] 5868.6s processed=2239852 frontier=30975 rate=381.7/s
  [slice-progress] 5903.3s processed=2246195 frontier=30299 rate=380.5/s
  [slice-progress] 5913.3s processed=2254727 frontier=29669 rate=381.3/s
  [slice-progress] 5923.7s processed=2257742 frontier=29555 rate=381.1/s
  [slice-progress] 5933.7s processed=2261139 frontier=29596 rate=381.1/s
  [slice-progress] 5943.7s processed=2264511 frontier=29616 rate=381.0/s
  [slice-progress] 5953.8s processed=2268743 frontier=29529 rate=381.1/s
